I'm sorry, but errors were detected in your script. Please correct the
errors listed below, and try again.


File "game/script.rpy", line 11: expected statement.
    imaage background_video = Movie(size = (1080,1920), channel = "movie", play = "video/background")
                            ^

Ren'Py Version: Ren'Py 7.4.8.1895
Sat Nov 12 22:47:49 2022
